Script started on Fri 22 Apr 2016 03:51:27 PM UTC
[01;32mhectordiazflores[00m:[01;34m~/workspace/algorithms[00m $ c++ ex4.cpp
[01;32mhectordiazflores[00m:[01;34m~/workspace/algorithms[00m $ ./a.ot[Kut
Please input a number and I will give you all the prime factorizations
8
2, 2, 2, 
[01;32mhectordiazflores[00m:[01;34m~/workspace/algorithms[00m $ ./a.out
Please input a number and I will give you all the prime factorizations
100
2, 2, 5, 5, 
[01;32mhectordiazflores[00m:[01;34m~/workspace/algorithms[00m $ ./a.out
Please input a number and I will give you all the prime factorizations
2
2, 
[01;32mhectordiazflores[00m:[01;34m~/workspace/algorithms[00m $ ./a.out
Please input a number and I will give you all the prime factorizations
4
2, 2, 
[01;32mhectordiazflores[00m:[01;34m~/workspace/algorithms[00m $ ./a.out
Please input a number and I will give you all the prime factorizations
-20
Please enter a number greater than 0
25
5, 5, 
[01;32mhectordiazflores[00m:[01;34m~/workspace/algorithms[00m $ ./a.out
Please input a number and I will give you all the prime factorizations
60
2, 2, 3, 5
[01;32mhectordiazflores[00m:[01;34m~/workspace/algorithms[00m $ ./a.out
Please input a number and I will give you all the prime factorizations
-2
Please enter a number greater than 0
5
5
[01;32mhectordiazflores[00m:[01;34m~/workspace/algorithms[00m $ exit
exit

Script done on Fri 22 Apr 2016 03:52:45 PM UTC
